src/lib/agent/knowledge-analyzer.ts(217,47): error TS2339: Property 'default' does not exist on type 'typeof import("C:/Users/David/PycharmProjects/AI Sales Platform/node_modules/cheerio/dist/esm/index")'.
src/lib/agent/parsers/pdf-parser.ts(12,44): error TS2339: Property 'default' does not exist on type 'typeof import("C:/Users/David/PycharmProjects/AI Sales Platform/node_modules/pdf-parse/dist/pdf-parse/esm/index")'.
src/lib/db/admin-firestore-service.ts(22,22): error TS18047: 'adminDb' is possibly 'null'.
src/lib/db/admin-firestore-service.ts(47,44): error TS18047: 'adminDb' is possibly 'null'.
src/lib/db/admin-firestore-service.ts(119,44): error TS18047: 'adminDb' is possibly 'null'.
src/lib/db/admin-firestore-service.ts(205,22): error TS18047: 'adminDb' is possibly 'null'.
src/lib/db/admin-firestore-service.ts(223,28): error TS18047: 'adminDb' is possibly 'null'.
src/lib/db/admin-firestore-service.ts(240,22): error TS18047: 'adminDb' is possibly 'null'.
src/lib/db/admin-firestore-service.ts(253,22): error TS18047: 'adminDb' is possibly 'null'.
src/lib/db/admin-firestore-service.ts(265,12): error TS18047: 'adminDb' is possibly 'null'.
src/lib/db/admin-firestore-service.ts(274,12): error TS18047: 'adminDb' is possibly 'null'.
src/lib/db/admin-firestore-service.ts(281,12): error TS18047: 'adminDb' is possibly 'null'.
src/lib/db/admin-firestore-service.ts(288,12): error TS18047: 'adminDb' is possibly 'null'.
src/lib/documents/proposal-generator.ts(115,68): error TS2345: Argument of type 'unknown' is not assignable to parameter of type 'LogContext | undefined'.
src/lib/ecommerce/shipping-service.ts(83,26): error TS7006: Parameter 'method' implicitly has an 'any' type.
src/lib/email-writer/email-delivery-service.ts(350,25): error TS18047: 'adminDb' is possibly 'null'.
src/lib/email-writer/email-delivery-service.ts(371,25): error TS18047: 'adminDb' is possibly 'null'.
src/lib/email-writer/email-delivery-service.ts(408,25): error TS18047: 'adminDb' is possibly 'null'.
src/lib/email-writer/email-delivery-service.ts(429,25): error TS18047: 'adminDb' is possibly 'null'.
src/lib/email-writer/email-delivery-service.ts(450,25): error TS18047: 'adminDb' is possibly 'null'.
src/lib/email-writer/email-delivery-service.ts(470,25): error TS18047: 'adminDb' is possibly 'null'.
src/lib/email-writer/email-delivery-service.ts(500,15): error TS18047: 'adminDb' is possibly 'null'.
src/lib/email-writer/email-writer-engine.ts(202,7): error TS2322: Type 'SalesIndustryTemplate | null' is not assignable to type 'SalesIndustryTemplate | undefined'.
  Type 'null' is not assignable to type 'SalesIndustryTemplate | undefined'.
src/lib/filters/filter-engine.ts(101,60): error TS2769: No overload matches this call.
  Overload 1 of 4, '(value: string | number | Date): Date', gave the following error.
    Argument of type 'unknown' is not assignable to parameter of type 'string | number | Date'.
  Overload 2 of 4, '(value: string | number): Date', gave the following error.
    Argument of type 'unknown' is not assignable to parameter of type 'string | number'.
src/lib/filters/filter-engine.ts(104,46): error TS2769: No overload matches this call.
  Overload 1 of 4, '(value: string | number | Date): Date', gave the following error.
    Argument of type 'unknown' is not assignable to parameter of type 'string | number | Date'.
  Overload 2 of 4, '(value: string | number): Date', gave the following error.
    Argument of type 'unknown' is not assignable to parameter of type 'string | number'.
src/lib/filters/filter-engine.ts(107,46): error TS2769: No overload matches this call.
  Overload 1 of 4, '(value: string | number | Date): Date', gave the following error.
    Argument of type 'unknown' is not assignable to parameter of type 'string | number | Date'.
  Overload 2 of 4, '(value: string | number): Date', gave the following error.
    Argument of type 'unknown' is not assignable to parameter of type 'string | number'.
src/lib/filters/filter-engine.ts(110,47): error TS2769: No overload matches this call.
  Overload 1 of 4, '(value: string | number | Date): Date', gave the following error.
    Argument of type 'unknown' is not assignable to parameter of type 'string | number | Date'.
  Overload 2 of 4, '(value: string | number): Date', gave the following error.
    Argument of type 'unknown' is not assignable to parameter of type 'string | number'.
src/lib/filters/filter-engine.ts(113,47): error TS2769: No overload matches this call.
  Overload 1 of 4, '(value: string | number | Date): Date', gave the following error.
    Argument of type 'unknown' is not assignable to parameter of type 'string | number | Date'.
  Overload 2 of 4, '(value: string | number): Date', gave the following error.
    Argument of type 'unknown' is not assignable to parameter of type 'string | number'.
src/lib/integrations/accounting/quickbooks.ts(38,47): error TS2345: Argument of type '{}' is not assignable to parameter of type 'string'.
src/lib/integrations/accounting/quickbooks.ts(50,48): error TS2345: Argument of type '{}' is not assignable to parameter of type 'string'.
src/lib/integrations/accounting/quickbooks.ts(59,47): error TS2345: Argument of type '{}' is not assignable to parameter of type 'string'.
src/lib/integrations/accounting/quickbooks.ts(63,46): error TS2345: Argument of type '{}' is not assignable to parameter of type 'string'.
src/lib/integrations/accounting/xero.ts(38,47): error TS2345: Argument of type '{}' is not assignable to parameter of type 'string'.
src/lib/integrations/accounting/xero.ts(50,47): error TS2345: Argument of type '{}' is not assignable to parameter of type 'string'.
src/lib/integrations/accounting/xero.ts(58,46): error TS2345: Argument of type '{}' is not assignable to parameter of type 'string'.
src/lib/integrations/accounting/xero.ts(62,46): error TS2345: Argument of type '{}' is not assignable to parameter of type 'string'.
src/lib/integrations/calendar-sync-service.ts(176,13): error TS7022: 'response' implicitly has type 'any' because it does not have a type annotation and is referenced directly or indirectly in its own initializer.
src/lib/integrations/calendar-sync-service.ts(235,5): error TS2322: Type 'string | null | undefined' is not assignable to type 'string | undefined'.
  Type 'null' is not assignable to type 'string | undefined'.
src/lib/integrations/calendar-sync-service.ts(236,5): error TS2322: Type 'string | null | undefined' is not assignable to type 'string | undefined'.
  Type 'null' is not assignable to type 'string | undefined'.
src/lib/integrations/calendar-sync-service.ts(238,7): error TS2322: Type 'string | null | undefined' is not assignable to type 'string | undefined'.
  Type 'null' is not assignable to type 'string | undefined'.
src/lib/integrations/calendar-sync-service.ts(239,7): error TS2322: Type 'string | null | undefined' is not assignable to type 'string | undefined'.
  Type 'null' is not assignable to type 'string | undefined'.
src/lib/integrations/calendar-sync-service.ts(240,7): error TS2322: Type 'string | null | undefined' is not assignable to type 'string | undefined'.
  Type 'null' is not assignable to type 'string | undefined'.
src/lib/integrations/calendar-sync-service.ts(243,7): error TS2322: Type 'string | null | undefined' is not assignable to type 'string | undefined'.
  Type 'null' is not assignable to type 'string | undefined'.
src/lib/integrations/calendar-sync-service.ts(244,7): error TS2322: Type 'string | null | undefined' is not assignable to type 'string | undefined'.
  Type 'null' is not assignable to type 'string | undefined'.
src/lib/integrations/calendar-sync-service.ts(245,7): error TS2322: Type 'string | null | undefined' is not assignable to type 'string | undefined'.
  Type 'null' is not assignable to type 'string | undefined'.
src/lib/integrations/calendar-sync-service.ts(247,5): error TS2322: Type '{ email: string; displayName: string | null | undefined; responseStatus: any; }[] | undefined' is not assignable to type '{ email: string; displayName?: string | undefined; responseStatus: "accepted" | "declined" | "tentative" | "needsAction"; }[] | undefined'.
  Type '{ email: string; displayName: string | null | undefined; responseStatus: any; }[]' is not assignable to type '{ email: string; displayName?: string | undefined; responseStatus: "accepted" | "declined" | "tentative" | "needsAction"; }[]'.
    Type '{ email: string; displayName: string | null | undefined; responseStatus: any; }' is not assignable to type '{ email: string; displayName?: string | undefined; responseStatus: "accepted" | "declined" | "tentative" | "needsAction"; }'.
      Types of property 'displayName' are incompatible.
        Type 'string | null | undefined' is not assignable to type 'string | undefined'.
          Type 'null' is not assignable to type 'string | undefined'.
src/lib/integrations/calendar-sync-service.ts(256,5): error TS2322: Type 'string | null | undefined' is not assignable to type 'string | undefined'.
  Type 'null' is not assignable to type 'string | undefined'.
src/lib/integrations/calendar-sync-service.ts(259,5): error TS2322: Type 'string | null | undefined' is not assignable to type 'string | undefined'.
  Type 'null' is not assignable to type 'string | undefined'.
src/lib/integrations/crm/salesforce.ts(16,11): error TS2339: Property 'instanceUrl' does not exist on type 'Record<string, unknown> | undefined'.
src/lib/integrations/crm/salesforce.ts(16,24): error TS2339: Property 'accessToken' does not exist on type 'Record<string, unknown> | undefined'.
src/lib/integrations/ecommerce/shopify.ts(16,11): error TS2339: Property 'shopDomain' does not exist on type 'Record<string, unknown> | undefined'.
src/lib/integrations/ecommerce/shopify.ts(16,23): error TS2339: Property 'accessToken' does not exist on type 'Record<string, unknown> | undefined'.
src/lib/integrations/email-sync.ts(239,9): error TS2739: Type 'Date' is missing the following properties from type 'Timestamp': seconds, nanoseconds, toDate, toMillis, isEqual
src/lib/integrations/google-calendar-service.ts(110,5): error TS2322: Type 'string | null | undefined' is not assignable to type 'string | undefined'.
  Type 'null' is not assignable to type 'string | undefined'.
src/lib/integrations/google-calendar-service.ts(111,5): error TS2322: Type 'number | null | undefined' is not assignable to type 'number | undefined'.
  Type 'null' is not assignable to type 'number | undefined'.
src/lib/integrations/google-calendar-service.ts(201,5): error TS2322: Type 'string | null | undefined' is not assignable to type 'string | undefined'.
  Type 'null' is not assignable to type 'string | undefined'.
src/lib/meetings/scheduler-engine.ts(124,77): error TS2345: Argument of type 'unknown' is not assignable to parameter of type 'LogContext | undefined'.
src/lib/meetings/scheduler-engine.ts(240,68): error TS2345: Argument of type 'unknown' is not assignable to parameter of type 'LogContext | undefined'.
src/lib/meetings/scheduler-engine.ts(280,49): error TS2345: Argument of type 'unknown' is not assignable to parameter of type 'LogContext | undefined'.
src/lib/middleware/with-rate-limit.ts(25,9): error TS2322: Type 'string | null' is not assignable to type 'string | undefined'.
  Type 'null' is not assignable to type 'string | undefined'.
src/lib/monitoring/sentry-middleware.ts(135,11): error TS2783: 'url' is specified more than once, so this usage will be overwritten.
src/lib/notifications/notification-service.ts(517,27): error TS7053: Element implicitly has an 'any' type because expression of type 'NotificationChannel' can't be used to index type '{ slack?: { enabled: boolean; channelId?: string | undefined; threadMessages?: boolean | undefined; quietHours?: { enabled: boolean; start: string; end: string; timezone: string; } | undefined; } | undefined; email?: { ...; } | undefined; webhook?: { ...; } | undefined; inApp?: { ...; } | undefined; }'.
  Property 'sms' does not exist on type '{ slack?: { enabled: boolean; channelId?: string | undefined; threadMessages?: boolean | undefined; quietHours?: { enabled: boolean; start: string; end: string; timezone: string; } | undefined; } | undefined; email?: { ...; } | undefined; webhook?: { ...; } | undefined; inApp?: { ...; } | undefined; }'.
src/lib/outbound/meeting-scheduler.ts(471,39): error TS2769: No overload matches this call.
  Overload 1 of 3, '(firestore: Firestore, path: string, ...pathSegments: string[]): DocumentReference<DocumentData, DocumentData>', gave the following error.
    Argument of type 'Firestore | null' is not assignable to parameter of type 'Firestore'.
      Type 'null' is not assignable to type 'Firestore'.
  Overload 2 of 3, '(reference: CollectionReference<unknown, DocumentData>, path?: string | undefined, ...pathSegments: string[]): DocumentReference<unknown, DocumentData>', gave the following error.
    Argument of type 'Firestore | null' is not assignable to parameter of type 'CollectionReference<unknown, DocumentData>'.
      Type 'null' is not assignable to type 'CollectionReference<unknown, DocumentData>'.
  Overload 3 of 3, '(reference: DocumentReference<unknown, DocumentData>, path: string, ...pathSegments: string[]): DocumentReference<DocumentData, DocumentData>', gave the following error.
    Argument of type 'Firestore | null' is not assignable to parameter of type 'DocumentReference<unknown, DocumentData>'.
      Type 'null' is not assignable to type 'DocumentReference<unknown, DocumentData>'.
src/lib/outbound/meeting-scheduler.ts(626,42): error TS2769: No overload matches this call.
  Overload 1 of 3, '(firestore: Firestore, path: string, ...pathSegments: string[]): DocumentReference<DocumentData, DocumentData>', gave the following error.
    Argument of type 'Firestore | null' is not assignable to parameter of type 'Firestore'.
      Type 'null' is not assignable to type 'Firestore'.
  Overload 2 of 3, '(reference: CollectionReference<unknown, DocumentData>, path?: string | undefined, ...pathSegments: string[]): DocumentReference<unknown, DocumentData>', gave the following error.
    Argument of type 'Firestore | null' is not assignable to parameter of type 'CollectionReference<unknown, DocumentData>'.
      Type 'null' is not assignable to type 'CollectionReference<unknown, DocumentData>'.
  Overload 3 of 3, '(reference: DocumentReference<unknown, DocumentData>, path: string, ...pathSegments: string[]): DocumentReference<DocumentData, DocumentData>', gave the following error.
    Argument of type 'Firestore | null' is not assignable to parameter of type 'DocumentReference<unknown, DocumentData>'.
      Type 'null' is not assignable to type 'DocumentReference<unknown, DocumentData>'.
src/lib/outbound/sequence-engine.ts(377,7): error TS2345: Argument of type 'string | undefined' is not assignable to parameter of type 'string'.
  Type 'undefined' is not assignable to type 'string'.
src/lib/outbound/sequence-engine.ts(410,7): error TS2322: Type 'string | undefined' is not assignable to type 'string'.
  Type 'undefined' is not assignable to type 'string'.
src/lib/outbound/sequence-engine.ts(746,17): error TS2769: No overload matches this call.
  Overload 1 of 2, '(o: {}): string[]', gave the following error.
    Argument of type 'Partial<SequenceAnalytics | undefined>' is not assignable to parameter of type '{}'.
      Type 'undefined' is not assignable to type '{}'.
  Overload 2 of 2, '(o: object): string[]', gave the following error.
    Argument of type 'Partial<SequenceAnalytics | undefined>' is not assignable to parameter of type 'object'.
      Type 'undefined' is not assignable to type 'object'.
src/lib/outbound/sequence-engine.ts(747,21): error TS18048: 'updates' is possibly 'undefined'.
src/lib/outbound/sequence-engine.ts(754,5): error TS18048: 'sequence.analytics' is possibly 'undefined'.
src/lib/outbound/sequence-engine.ts(754,39): error TS18048: 'sequence.analytics' is possibly 'undefined'.
src/lib/outbound/sequence-engine.ts(755,10): error TS18048: 'sequence.analytics' is possibly 'undefined'.
src/lib/outbound/sequence-engine.ts(755,46): error TS18048: 'sequence.analytics' is possibly 'undefined'.
src/lib/outbound/sequence-engine.ts(758,5): error TS18048: 'sequence.analytics' is possibly 'undefined'.
src/lib/outbound/sequence-engine.ts(758,35): error TS18048: 'sequence.analytics' is possibly 'undefined'.
src/lib/outbound/sequence-engine.ts(759,10): error TS18048: 'sequence.analytics' is possibly 'undefined'.
src/lib/outbound/sequence-engine.ts(759,43): error TS18048: 'sequence.analytics' is possibly 'undefined'.
src/lib/outbound/sequence-engine.ts(762,5): error TS18048: 'sequence.analytics' is possibly 'undefined'.
src/lib/outbound/sequence-engine.ts(762,36): error TS18048: 'sequence.analytics' is possibly 'undefined'.
src/lib/outbound/sequence-engine.ts(763,10): error TS18048: 'sequence.analytics' is possibly 'undefined'.
src/lib/outbound/sequence-engine.ts(763,44): error TS18048: 'sequence.analytics' is possibly 'undefined'.
src/lib/outbound/sequence-engine.ts(766,5): error TS18048: 'sequence.analytics' is possibly 'undefined'.
src/lib/outbound/sequence-engine.ts(766,36): error TS18048: 'sequence.analytics' is possibly 'undefined'.
src/lib/outbound/sequence-engine.ts(767,10): error TS18048: 'sequence.analytics' is possibly 'undefined'.
src/lib/outbound/sequence-engine.ts(767,44): error TS18048: 'sequence.analytics' is possibly 'undefined'.
src/lib/outbound/sequence-engine.ts(770,5): error TS18048: 'sequence.analytics' is possibly 'undefined'.
src/lib/outbound/sequence-engine.ts(770,41): error TS18048: 'sequence.analytics' is possibly 'undefined'.
src/lib/outbound/sequence-engine.ts(771,10): error TS18048: 'sequence.analytics' is possibly 'undefined'.
src/lib/outbound/sequence-engine.ts(771,46): error TS18048: 'sequence.analytics' is possibly 'undefined'.
src/lib/outbound/sequence-engine.ts(774,5): error TS18048: 'sequence.analytics' is possibly 'undefined'.
src/lib/services/discovery-engine.ts(1100,11): error TS18048: 'personData.socialProfiles' is possibly 'undefined'.
src/lib/services/discovery-engine.ts(1112,10): error TS18048: 'personData.socialProfiles' is possibly 'undefined'.
src/lib/services/discovery-engine.ts(1134,11): error TS18048: 'personData.socialProfiles' is possibly 'undefined'.
src/lib/services/discovery-engine.ts(1156,9): error TS18048: 'personData.socialProfiles' is possibly 'undefined'.
src/lib/services/smart-sequencer.ts(533,12): error TS18048: 'sequences' is possibly 'undefined'.
src/lib/subscription/feature-gate.ts(123,16): error TS18048: 'subscription.outboundFeatures' is possibly 'undefined'.
src/lib/subscription/feature-gate.ts(126,18): error TS18048: 'subscription.outboundFeatures' is possibly 'undefined'.
src/lib/subscription/feature-gate.ts(127,19): error TS18048: 'subscription.outboundFeatures' is possibly 'undefined'.
src/lib/subscription/feature-gate.ts(131,16): error TS18048: 'subscription.outboundFeatures' is possibly 'undefined'.
src/lib/subscription/feature-gate.ts(134,18): error TS18048: 'subscription.outboundFeatures' is possibly 'undefined'.
src/lib/subscription/feature-gate.ts(135,19): error TS18048: 'subscription.outboundFeatures' is possibly 'undefined'.
src/lib/subscription/feature-gate.ts(139,16): error TS18048: 'subscription.outboundFeatures' is possibly 'undefined'.
src/lib/subscription/feature-gate.ts(142,18): error TS18048: 'subscription.outboundFeatures' is possibly 'undefined'.
src/lib/subscription/feature-gate.ts(143,19): error TS18048: 'subscription.outboundFeatures' is possibly 'undefined'.
src/lib/subscription/feature-gate.ts(147,16): error TS18048: 'subscription.outboundFeatures' is possibly 'undefined'.
src/lib/subscription/feature-gate.ts(150,18): error TS18048: 'subscription.outboundFeatures' is possibly 'undefined'.
src/lib/subscription/feature-gate.ts(151,19): error TS18048: 'subscription.outboundFeatures' is possibly 'undefined'.
src/lib/subscription/feature-gate.ts(155,16): error TS18048: 'subscription.outboundFeatures' is possibly 'undefined'.
src/lib/subscription/feature-gate.ts(158,18): error TS18048: 'subscription.outboundFeatures' is possibly 'undefined'.
src/lib/subscription/feature-gate.ts(159,19): error TS18048: 'subscription.outboundFeatures' is possibly 'undefined'.
src/lib/subscription/feature-gate.ts(187,11): error TS18048: 'subscription.outboundFeatures' is possibly 'undefined'.
src/lib/subscription/feature-gate.ts(192,11): error TS18048: 'subscription.outboundFeatures' is possibly 'undefined'.
src/lib/subscription/feature-gate.ts(197,11): error TS18048: 'subscription.outboundFeatures' is possibly 'undefined'.
src/lib/subscription/feature-gate.ts(202,11): error TS18048: 'subscription.outboundFeatures' is possibly 'undefined'.
src/lib/subscription/feature-gate.ts(207,11): error TS18048: 'subscription.outboundFeatures' is possibly 'undefined'.
src/lib/subscription/feature-gate.ts(231,7): error TS18048: 'subscription.outboundFeatures' is possibly 'undefined'.
src/lib/subscription/feature-gate.ts(232,7): error TS18048: 'subscription.outboundFeatures' is possibly 'undefined'.
src/lib/subscription/feature-gate.ts(235,7): error TS18048: 'subscription.outboundFeatures' is possibly 'undefined'.
src/lib/subscription/feature-gate.ts(236,7): error TS18048: 'subscription.outboundFeatures' is possibly 'undefined'.
src/lib/subscription/feature-gate.ts(239,7): error TS18048: 'subscription.outboundFeatures' is possibly 'undefined'.
src/lib/subscription/feature-gate.ts(240,7): error TS18048: 'subscription.outboundFeatures' is possibly 'undefined'.
src/lib/subscription/feature-gate.ts(241,7): error TS18048: 'subscription.outboundFeatures' is possibly 'undefined'.
src/lib/subscription/feature-gate.ts(244,7): error TS18048: 'subscription.outboundFeatures' is possibly 'undefined'.
src/lib/subscription/feature-gate.ts(474,38): error TS2538: Type 'undefined' cannot be used as an index type.
src/lib/subscription/feature-gate.ts(487,8): error TS18048: 'subscription.outboundFeatures' is possibly 'undefined'.
src/lib/subscription/feature-gate.ts(516,11): error TS18048: 'subscription.addOns' is possibly 'undefined'.
src/lib/subscription/feature-gate.ts(521,7): error TS18048: 'subscription.addOns' is possibly 'undefined'.
src/lib/subscription/feature-gate.ts(529,42): error TS18048: 'subscription.addOns' is possibly 'undefined'.
src/lib/subscription/middleware.ts(76,59): error TS2345: Argument of type 'string | undefined' is not assignable to parameter of type 'string'.
  Type 'undefined' is not assignable to type 'string'.
src/lib/subscription/middleware.ts(139,7): error TS2322: Type '"aiEmailWriter"' is not assignable to type 'never'.
src/lib/subscription/middleware.ts(141,7): error TS2322: Type '"prospectFinder"' is not assignable to type 'never'.
src/lib/subscription/middleware.ts(145,7): error TS2322: Type '"multiChannel"' is not assignable to type 'never'.
src/lib/subscription/middleware.ts(147,7): error TS2322: Type '"aiEmailWriter"' is not assignable to type 'never'.
src/lib/team/collaboration.ts(165,53): error TS2345: Argument of type 'unknown' is not assignable to parameter of type 'LogContext | undefined'.
src/lib/team/collaboration.ts(237,53): error TS2345: Argument of type 'unknown' is not assignable to parameter of type 'LogContext | undefined'.
src/lib/team/collaboration.ts(361,82): error TS2769: No overload matches this call.
  Overload 1 of 4, '(value: string | number | Date): Date', gave the following error.
    Argument of type 'Timestamp' is not assignable to parameter of type 'string | number | Date'.
      Type 'Timestamp' is missing the following properties from type 'Date': toDateString, toTimeString, toLocaleDateString, toLocaleTimeString, and 36 more.
  Overload 2 of 4, '(value: string | number): Date', gave the following error.
    Argument of type 'Timestamp' is not assignable to parameter of type 'string | number'.
src/lib/templates/deal-scoring-engine.ts(319,56): error TS2345: Argument of type 'unknown' is not assignable to parameter of type 'LogContext | undefined'.
src/lib/templates/revenue-forecasting-engine.ts(243,61): error TS2345: Argument of type 'unknown' is not assignable to parameter of type 'LogContext | undefined'.
src/lib/templates/template-engine.ts(206,61): error TS2345: Argument of type 'unknown' is not assignable to parameter of type 'LogContext | undefined'.
src/lib/training/golden-master-updater.ts(309,5): error TS2322: Type 'unknown' is not assignable to type 'string'.
src/lib/workflow/workflow-coordinator.ts(589,9): error TS7053: Element implicitly has an 'any' type because expression of type '"lastSuccessAt"' can't be used to index type '{ totalExecutions: number; successfulExecutions: number; failedExecutions: number; lastExecutedAt: Timestamp; }'.
  Property 'lastSuccessAt' does not exist on type '{ totalExecutions: number; successfulExecutions: number; failedExecutions: number; lastExecutedAt: Timestamp; }'.
src/lib/workflow/workflow-coordinator.ts(591,9): error TS7053: Element implicitly has an 'any' type because expression of type '"lastFailureAt"' can't be used to index type '{ totalExecutions: number; successfulExecutions: number; failedExecutions: number; lastExecutedAt: Timestamp; }'.
  Property 'lastFailureAt' does not exist on type '{ totalExecutions: number; successfulExecutions: number; failedExecutions: number; lastExecutedAt: Timestamp; }'.
src/lib/workflow/workflow-coordinator.ts(597,7): error TS7053: Element implicitly has an 'any' type because expression of type '"averageExecutionTimeMs"' can't be used to index type '{ totalExecutions: number; successfulExecutions: number; failedExecutions: number; lastExecutedAt: Timestamp; }'.
  Property 'averageExecutionTimeMs' does not exist on type '{ totalExecutions: number; successfulExecutions: number; failedExecutions: number; lastExecutedAt: Timestamp; }'.
src/lib/workflow/workflow-coordinator.ts(650,24): error TS2783: 'id' is specified more than once, so this usage will be overwritten.
src/lib/workflow/workflow-service.ts(128,14): error TS2783: 'id' is specified more than once, so this usage will be overwritten.
src/lib/workflow/workflow-service.ts(303,14): error TS2783: 'id' is specified more than once, so this usage will be overwritten.
tests/e2e-setup.ts(131,9): error TS18046: 'error' is of type 'unknown'.
tests/e2e-setup.ts(188,40): error TS18046: 'error' is of type 'unknown'.
tests/e2e/ui-pages.e2e.test.ts(9,10): error TS2724: '"@/lib/workflows/workflow-engine"' has no exported member named 'executeWorkflow'. Did you mean 'executeWorkflowImpl'?
tests/EXAMPLE_TEST_WITH_CLEANUP.test.ts(28,26): error TS18047: 'adminDb' is possibly 'null'.
tests/EXAMPLE_TEST_WITH_CLEANUP.test.ts(64,13): error TS18047: 'adminDb' is possibly 'null'.
tests/EXAMPLE_TEST_WITH_CLEANUP.test.ts(72,28): error TS18047: 'adminDb' is possibly 'null'.
tests/EXAMPLE_TEST_WITH_CLEANUP.test.ts(78,15): error TS18047: 'adminDb' is possibly 'null'.
tests/helpers/test-cleanup.ts(85,24): error TS18047: 'adminDb' is possibly 'null'.
tests/helpers/test-cleanup.ts(105,15): error TS18047: 'adminDb' is possibly 'null'.
tests/helpers/test-cleanup.ts(109,17): error TS18047: 'adminAuth' is possibly 'null'.
tests/helpers/test-cleanup.ts(146,21): error TS18047: 'adminDb' is possibly 'null'.
tests/helpers/test-cleanup.ts(188,9): error TS18047: 'adminDb' is possibly 'null'.
tests/helpers/test-cleanup.ts(204,28): error TS18047: 'adminAuth' is possibly 'null'.
tests/helpers/test-cleanup.ts(219,9): error TS18047: 'adminDb' is possibly 'null'.
tests/integration/scraper-intelligence/distillation-integration.test.ts(112,7): error TS2322: Type 'Date' is not assignable to type 'string'.
tests/integration/scraper-intelligence/service-integration.test.ts(100,5): error TS2322: Type 'Date' is not assignable to type 'string'.
tests/integration/ui-pages.test.ts(9,10): error TS2724: '"@/lib/workflows/workflow-engine"' has no exported member named 'executeWorkflow'. Did you mean 'executeWorkflowImpl'?
tests/lib/analytics/dashboard/analytics-engine.test.ts(37,9): error TS2352: Conversion of type '{ id: string; name: string; status: "active"; trigger: { type: "deal.score.changed"; conditions: never[]; }; actions: never[]; createdAt: Date; updatedAt: Date; }' to type 'Workflow' may be a mistake because neither type sufficiently overlaps with the other. If this was intentional, convert the expression to 'unknown' first.
  Type '{ id: string; name: string; status: "active"; trigger: { type: "deal.score.changed"; conditions: never[]; }; actions: never[]; createdAt: Date; updatedAt: Date; }' is missing the following properties from type 'Workflow': organizationId, workspaceId, description, settings, and 2 more.
tests/lib/analytics/dashboard/analytics-engine.test.ts(46,9): error TS2352: Conversion of type '{ id: string; name: string; status: "active"; trigger: { type: "deal.tier.changed"; conditions: never[]; }; actions: never[]; createdAt: Date; updatedAt: Date; }' to type 'Workflow' may be a mistake because neither type sufficiently overlaps with the other. If this was intentional, convert the expression to 'unknown' first.
  Type '{ id: string; name: string; status: "active"; trigger: { type: "deal.tier.changed"; conditions: never[]; }; actions: never[]; createdAt: Date; updatedAt: Date; }' is missing the following properties from type 'Workflow': organizationId, workspaceId, description, settings, and 2 more.
tests/lib/analytics/dashboard/analytics-engine.test.ts(58,9): error TS2352: Conversion of type '{ id: string; workflowId: string; status: "completed"; startedAt: Date; completedAt: Date; actionResults: { actionType: string; status: string; duration: number; }[]; }' to type 'WorkflowExecution' may be a mistake because neither type sufficiently overlaps with the other. If this was intentional, convert the expression to 'unknown' first.
  Type '{ id: string; workflowId: string; status: "completed"; startedAt: Date; completedAt: Date; actionResults: { actionType: string; status: string; duration: number; }[]; }' is missing the following properties from type 'WorkflowExecution': organizationId, workspaceId, triggeredBy, triggerData, actionsExecuted
tests/lib/analytics/dashboard/analytics-engine.test.ts(69,9): error TS2352: Conversion of type '{ id: string; workflowId: string; status: "completed"; startedAt: Date; completedAt: Date; actionResults: { actionType: string; status: string; duration: number; }[]; }' to type 'WorkflowExecution' may be a mistake because neither type sufficiently overlaps with the other. If this was intentional, convert the expression to 'unknown' first.
  Type '{ id: string; workflowId: string; status: "completed"; startedAt: Date; completedAt: Date; actionResults: { actionType: string; status: string; duration: number; }[]; }' is missing the following properties from type 'WorkflowExecution': organizationId, workspaceId, triggeredBy, triggerData, actionsExecuted
tests/lib/analytics/dashboard/analytics-engine.test.ts(79,9): error TS2352: Conversion of type '{ id: string; workflowId: string; status: "failed"; startedAt: Date; completedAt: Date; actionResults: never[]; }' to type 'WorkflowExecution' may be a mistake because neither type sufficiently overlaps with the other. If this was intentional, convert the expression to 'unknown' first.
  Type '{ id: string; workflowId: string; status: "failed"; startedAt: Date; completedAt: Date; actionResults: never[]; }' is missing the following properties from type 'WorkflowExecution': organizationId, workspaceId, triggeredBy, triggerData, actionsExecuted
tests/lib/analytics/dashboard/analytics-engine.test.ts(89,8): error TS18047: 'adminDal' is possibly 'null'.
tests/lib/analytics/dashboard/analytics-engine.test.ts(90,8): error TS18047: 'adminDal' is possibly 'null'.
tests/lib/analytics/dashboard/analytics-engine.test.ts(91,8): error TS18047: 'adminDal' is possibly 'null'.
tests/lib/analytics/dashboard/analytics-engine.test.ts(92,8): error TS18047: 'adminDal' is possibly 'null'.
tests/lib/analytics/dashboard/analytics-engine.test.ts(93,8): error TS18047: 'adminDal' is possibly 'null'.
tests/lib/analytics/dashboard/analytics-engine.test.ts(94,8): error TS18047: 'adminDal' is possibly 'null'.
tests/lib/analytics/dashboard/analytics-engine.test.ts(95,8): error TS18047: 'adminDal' is possibly 'null'.
tests/lib/analytics/dashboard/analytics-engine.test.ts(96,8): error TS18047: 'adminDal' is possibly 'null'.
tests/lib/analytics/dashboard/analytics-engine.test.ts(97,8): error TS18047: 'adminDal' is possibly 'null'.
tests/lib/analytics/dashboard/analytics-engine.test.ts(98,8): error TS18047: 'adminDal' is possibly 'null'.
tests/lib/analytics/dashboard/analytics-engine.test.ts(115,9): error TS2352: Conversion of type '{ id: string; name: string; status: "active"; trigger: { type: "deal.score.changed"; conditions: never[]; }; actions: never[]; createdAt: Date; updatedAt: Date; }' to type 'Workflow' may be a mistake because neither type sufficiently overlaps with the other. If this was intentional, convert the expression to 'unknown' first.
  Type '{ id: string; name: string; status: "active"; trigger: { type: "deal.score.changed"; conditions: never[]; }; actions: never[]; createdAt: Date; updatedAt: Date; }' is missing the following properties from type 'Workflow': organizationId, workspaceId, description, settings, and 2 more.
tests/lib/analytics/dashboard/analytics-engine.test.ts(127,9): error TS2352: Conversion of type '{ id: string; workflowId: string; status: "completed"; startedAt: Date; completedAt: Date; actionResults: { actionType: string; status: string; duration: number; }[]; }' to type 'WorkflowExecution' may be a mistake because neither type sufficiently overlaps with the other. If this was intentional, convert the expression to 'unknown' first.
  Type '{ id: string; workflowId: string; status: "completed"; startedAt: Date; completedAt: Date; actionResults: { actionType: string; status: string; duration: number; }[]; }' is missing the following properties from type 'WorkflowExecution': organizationId, workspaceId, triggeredBy, triggerData, actionsExecuted
tests/lib/analytics/dashboard/analytics-engine.test.ts(137,9): error TS2352: Conversion of type '{ id: string; workflowId: string; status: "completed"; startedAt: Date; completedAt: Date; actionResults: { actionType: string; status: string; duration: number; }[]; }' to type 'WorkflowExecution' may be a mistake because neither type sufficiently overlaps with the other. If this was intentional, convert the expression to 'unknown' first.
  Type '{ id: string; workflowId: string; status: "completed"; startedAt: Date; completedAt: Date; actionResults: { actionType: string; status: string; duration: number; }[]; }' is missing the following properties from type 'WorkflowExecution': organizationId, workspaceId, triggeredBy, triggerData, actionsExecuted
tests/lib/analytics/dashboard/analytics-engine.test.ts(147,9): error TS2352: Conversion of type '{ id: string; workflowId: string; status: "failed"; startedAt: Date; completedAt: Date; actionResults: never[]; }' to type 'WorkflowExecution' may be a mistake because neither type sufficiently overlaps with the other. If this was intentional, convert the expression to 'unknown' first.
  Type '{ id: string; workflowId: string; status: "failed"; startedAt: Date; completedAt: Date; actionResults: never[]; }' is missing the following properties from type 'WorkflowExecution': organizationId, workspaceId, triggeredBy, triggerData, actionsExecuted
tests/lib/analytics/dashboard/analytics-engine.test.ts(157,8): error TS18047: 'adminDal' is possibly 'null'.
tests/lib/analytics/dashboard/analytics-engine.test.ts(158,8): error TS18047: 'adminDal' is possibly 'null'.
tests/lib/analytics/dashboard/analytics-engine.test.ts(161,8): error TS18047: 'adminDal' is possibly 'null'.
tests/lib/analytics/dashboard/analytics-engine.test.ts(162,8): error TS18047: 'adminDal' is possibly 'null'.
tests/lib/analytics/dashboard/analytics-engine.test.ts(163,8): error TS18047: 'adminDal' is possibly 'null'.
tests/lib/analytics/dashboard/analytics-engine.test.ts(164,8): error TS18047: 'adminDal' is possibly 'null'.
tests/lib/analytics/dashboard/analytics-engine.test.ts(165,8): error TS18047: 'adminDal' is possibly 'null'.
tests/lib/analytics/dashboard/analytics-engine.test.ts(166,8): error TS18047: 'adminDal' is possibly 'null'.
tests/lib/analytics/dashboard/analytics-engine.test.ts(167,8): error TS18047: 'adminDal' is possibly 'null'.
tests/lib/analytics/dashboard/analytics-engine.test.ts(184,9): error TS2352: Conversion of type '{ id: string; name: string; status: "active"; trigger: { type: "deal.score.changed"; conditions: never[]; }; actions: never[]; createdAt: Date; updatedAt: Date; }' to type 'Workflow' may be a mistake because neither type sufficiently overlaps with the other. If this was intentional, convert the expression to 'unknown' first.
  Type '{ id: string; name: string; status: "active"; trigger: { type: "deal.score.changed"; conditions: never[]; }; actions: never[]; createdAt: Date; updatedAt: Date; }' is missing the following properties from type 'Workflow': organizationId, workspaceId, description, settings, and 2 more.
tests/lib/analytics/dashboard/analytics-engine.test.ts(196,9): error TS2352: Conversion of type '{ id: string; workflowId: string; status: "completed"; startedAt: Date; completedAt: Date; actionResults: { actionType: string; status: string; duration: number; }[]; }' to type 'WorkflowExecution' may be a mistake because neither type sufficiently overlaps with the other. If this was intentional, convert the expression to 'unknown' first.
  Type '{ id: string; workflowId: string; status: "completed"; startedAt: Date; completedAt: Date; actionResults: { actionType: string; status: string; duration: number; }[]; }' is missing the following properties from type 'WorkflowExecution': organizationId, workspaceId, triggeredBy, triggerData, actionsExecuted
tests/lib/analytics/dashboard/analytics-engine.test.ts(210,8): error TS18047: 'adminDal' is possibly 'null'.
tests/lib/analytics/dashboard/analytics-engine.test.ts(211,8): error TS18047: 'adminDal' is possibly 'null'.
tests/lib/analytics/dashboard/analytics-engine.test.ts(214,8): error TS18047: 'adminDal' is possibly 'null'.
tests/lib/analytics/dashboard/analytics-engine.test.ts(215,8): error TS18047: 'adminDal' is possibly 'null'.
tests/lib/analytics/dashboard/analytics-engine.test.ts(216,8): error TS18047: 'adminDal' is possibly 'null'.
tests/lib/analytics/dashboard/analytics-engine.test.ts(217,8): error TS18047: 'adminDal' is possibly 'null'.
tests/lib/analytics/dashboard/analytics-engine.test.ts(218,8): error TS18047: 'adminDal' is possibly 'null'.
tests/lib/analytics/dashboard/analytics-engine.test.ts(219,8): error TS18047: 'adminDal' is possibly 'null'.
tests/lib/analytics/dashboard/analytics-engine.test.ts(220,8): error TS18047: 'adminDal' is possibly 'null'.
tests/lib/analytics/dashboard/analytics-engine.test.ts(253,8): error TS18047: 'adminDal' is possibly 'null'.
tests/lib/analytics/dashboard/analytics-engine.test.ts(254,8): error TS18047: 'adminDal' is possibly 'null'.
tests/lib/analytics/dashboard/analytics-engine.test.ts(255,8): error TS18047: 'adminDal' is possibly 'null'.
tests/lib/analytics/dashboard/analytics-engine.test.ts(256,8): error TS18047: 'adminDal' is possibly 'null'.
tests/lib/analytics/dashboard/analytics-engine.test.ts(257,8): error TS18047: 'adminDal' is possibly 'null'.
tests/lib/analytics/dashboard/analytics-engine.test.ts(258,8): error TS18047: 'adminDal' is possibly 'null'.
tests/lib/analytics/dashboard/analytics-engine.test.ts(259,8): error TS18047: 'adminDal' is possibly 'null'.
tests/lib/analytics/dashboard/analytics-engine.test.ts(260,8): error TS18047: 'adminDal' is possibly 'null'.
tests/lib/analytics/dashboard/analytics-engine.test.ts(261,8): error TS18047: 'adminDal' is possibly 'null'.
tests/lib/analytics/dashboard/analytics-engine.test.ts(289,8): error TS18047: 'adminDal' is possibly 'null'.
tests/lib/analytics/dashboard/analytics-engine.test.ts(290,8): error TS18047: 'adminDal' is possibly 'null'.
tests/lib/analytics/dashboard/analytics-engine.test.ts(291,8): error TS18047: 'adminDal' is possibly 'null'.
tests/lib/analytics/dashboard/analytics-engine.test.ts(292,8): error TS18047: 'adminDal' is possibly 'null'.
tests/lib/analytics/dashboard/analytics-engine.test.ts(293,8): error TS18047: 'adminDal' is possibly 'null'.
tests/lib/analytics/dashboard/analytics-engine.test.ts(294,8): error TS18047: 'adminDal' is possibly 'null'.
tests/lib/analytics/dashboard/analytics-engine.test.ts(295,8): error TS18047: 'adminDal' is possibly 'null'.
tests/lib/analytics/dashboard/analytics-engine.test.ts(296,8): error TS18047: 'adminDal' is possibly 'null'.
tests/lib/analytics/dashboard/analytics-engine.test.ts(301,8): error TS18047: 'adminDal' is possibly 'null'.
tests/lib/analytics/dashboard/analytics-engine.test.ts(319,8): error TS18047: 'adminDal' is possibly 'null'.
tests/lib/analytics/dashboard/analytics-engine.test.ts(320,8): error TS18047: 'adminDal' is possibly 'null'.
tests/lib/analytics/dashboard/analytics-engine.test.ts(321,8): error TS18047: 'adminDal' is possibly 'null'.
tests/lib/analytics/dashboard/analytics-engine.test.ts(322,8): error TS18047: 'adminDal' is possibly 'null'.
tests/lib/analytics/dashboard/analytics-engine.test.ts(323,8): error TS18047: 'adminDal' is possibly 'null'.
tests/lib/analytics/dashboard/analytics-engine.test.ts(324,8): error TS18047: 'adminDal' is possibly 'null'.
tests/lib/analytics/dashboard/analytics-engine.test.ts(325,8): error TS18047: 'adminDal' is possibly 'null'.
tests/lib/analytics/dashboard/analytics-engine.test.ts(326,8): error TS18047: 'adminDal' is possibly 'null'.
tests/lib/analytics/dashboard/analytics-engine.test.ts(327,8): error TS18047: 'adminDal' is possibly 'null'.
tests/lib/analytics/dashboard/analytics-engine.test.ts(331,14): error TS18047: 'adminDal' is possibly 'null'.
tests/lib/analytics/dashboard/analytics-engine.test.ts(335,14): error TS18047: 'adminDal' is possibly 'null'.
tests/lib/analytics/dashboard/analytics-engine.test.ts(342,14): error TS18047: 'adminDal' is possibly 'null'.
tests/lib/analytics/dashboard/analytics-engine.test.ts(348,9): error TS2352: Conversion of type '{ id: string; workflowId: string; status: "completed"; startedAt: Date; completedAt: Date; actionResults: never[]; }' to type 'WorkflowExecution' may be a mistake because neither type sufficiently overlaps with the other. If this was intentional, convert the expression to 'unknown' first.
  Type '{ id: string; workflowId: string; status: "completed"; startedAt: Date; completedAt: Date; actionResults: never[]; }' is missing the following properties from type 'WorkflowExecution': organizationId, workspaceId, triggeredBy, triggerData, actionsExecuted
tests/lib/analytics/dashboard/analytics-engine.test.ts(349,9): error TS2352: Conversion of type '{ id: string; workflowId: string; status: "completed"; startedAt: Date; completedAt: Date; actionResults: never[]; }' to type 'WorkflowExecution' may be a mistake because neither type sufficiently overlaps with the other. If this was intentional, convert the expression to 'unknown' first.
  Type '{ id: string; workflowId: string; status: "completed"; startedAt: Date; completedAt: Date; actionResults: never[]; }' is missing the following properties from type 'WorkflowExecution': organizationId, workspaceId, triggeredBy, triggerData, actionsExecuted
tests/lib/analytics/dashboard/analytics-engine.test.ts(350,9): error TS2352: Conversion of type '{ id: string; workflowId: string; status: "completed"; startedAt: Date; completedAt: Date; actionResults: never[]; }' to type 'WorkflowExecution' may be a mistake because neither type sufficiently overlaps with the other. If this was intentional, convert the expression to 'unknown' first.
  Type '{ id: string; workflowId: string; status: "completed"; startedAt: Date; completedAt: Date; actionResults: never[]; }' is missing the following properties from type 'WorkflowExecution': organizationId, workspaceId, triggeredBy, triggerData, actionsExecuted
tests/lib/analytics/dashboard/analytics-engine.test.ts(354,9): error TS2352: Conversion of type '{ id: string; workflowId: string; status: "completed"; startedAt: Date; completedAt: Date; actionResults: never[]; }' to type 'WorkflowExecution' may be a mistake because neither type sufficiently overlaps with the other. If this was intentional, convert the expression to 'unknown' first.
  Type '{ id: string; workflowId: string; status: "completed"; startedAt: Date; completedAt: Date; actionResults: never[]; }' is missing the following properties from type 'WorkflowExecution': organizationId, workspaceId, triggeredBy, triggerData, actionsExecuted
tests/lib/analytics/dashboard/analytics-engine.test.ts(357,8): error TS18047: 'adminDal' is possibly 'null'.
tests/lib/analytics/dashboard/analytics-engine.test.ts(358,8): error TS18047: 'adminDal' is possibly 'null'.
tests/lib/analytics/dashboard/analytics-engine.test.ts(361,8): error TS18047: 'adminDal' is possibly 'null'.
tests/lib/analytics/dashboard/analytics-engine.test.ts(362,8): error TS18047: 'adminDal' is possibly 'null'.
tests/lib/analytics/dashboard/analytics-engine.test.ts(363,8): error TS18047: 'adminDal' is possibly 'null'.
tests/lib/analytics/dashboard/analytics-engine.test.ts(364,8): error TS18047: 'adminDal' is possibly 'null'.
tests/lib/analytics/dashboard/analytics-engine.test.ts(365,8): error TS18047: 'adminDal' is possibly 'null'.
tests/lib/analytics/dashboard/analytics-engine.test.ts(366,8): error TS18047: 'adminDal' is possibly 'null'.
tests/lib/analytics/dashboard/analytics-engine.test.ts(367,8): error TS18047: 'adminDal' is possibly 'null'.
tests/lib/analytics/dashboard/analytics-engine.test.ts(378,8): error TS18047: 'adminDal' is possibly 'null'.
tests/lib/analytics/dashboard/analytics-engine.test.ts(379,8): error TS18047: 'adminDal' is possibly 'null'.
tests/lib/analytics/dashboard/analytics-engine.test.ts(380,8): error TS18047: 'adminDal' is possibly 'null'.
tests/lib/analytics/dashboard/analytics-engine.test.ts(381,8): error TS18047: 'adminDal' is possibly 'null'.
tests/lib/analytics/dashboard/analytics-engine.test.ts(382,8): error TS18047: 'adminDal' is possibly 'null'.
tests/lib/analytics/dashboard/analytics-engine.test.ts(383,8): error TS18047: 'adminDal' is possibly 'null'.
tests/lib/analytics/dashboard/analytics-engine.test.ts(384,8): error TS18047: 'adminDal' is possibly 'null'.
tests/lib/analytics/dashboard/analytics-engine.test.ts(385,8): error TS18047: 'adminDal' is possibly 'null'.
tests/lib/analytics/dashboard/analytics-engine.test.ts(386,8): error TS18047: 'adminDal' is possibly 'null'.
tests/lib/analytics/dashboard/analytics-engine.test.ts(403,9): error TS2352: Conversion of type '{ id: string; workflowId: string; status: "completed"; startedAt: Date; completedAt: Date; actionResults: never[]; }' to type 'WorkflowExecution' may be a mistake because neither type sufficiently overlaps with the other. If this was intentional, convert the expression to 'unknown' first.
  Type '{ id: string; workflowId: string; status: "completed"; startedAt: Date; completedAt: Date; actionResults: never[]; }' is missing the following properties from type 'WorkflowExecution': organizationId, workspaceId, triggeredBy, triggerData, actionsExecuted
tests/lib/analytics/dashboard/analytics-engine.test.ts(404,9): error TS2352: Conversion of type '{ id: string; workflowId: string; status: "completed"; startedAt: Date; completedAt: Date; actionResults: never[]; }' to type 'WorkflowExecution' may be a mistake because neither type sufficiently overlaps with the other. If this was intentional, convert the expression to 'unknown' first.
  Type '{ id: string; workflowId: string; status: "completed"; startedAt: Date; completedAt: Date; actionResults: never[]; }' is missing the following properties from type 'WorkflowExecution': organizationId, workspaceId, triggeredBy, triggerData, actionsExecuted
tests/lib/analytics/dashboard/analytics-engine.test.ts(405,9): error TS2352: Conversion of type '{ id: string; workflowId: string; status: "completed"; startedAt: Date; completedAt: Date; actionResults: never[]; }' to type 'WorkflowExecution' may be a mistake because neither type sufficiently overlaps with the other. If this was intentional, convert the expression to 'unknown' first.
  Type '{ id: string; workflowId: string; status: "completed"; startedAt: Date; completedAt: Date; actionResults: never[]; }' is missing the following properties from type 'WorkflowExecution': organizationId, workspaceId, triggeredBy, triggerData, actionsExecuted
tests/lib/analytics/dashboard/analytics-engine.test.ts(408,8): error TS18047: 'adminDal' is possibly 'null'.
tests/lib/analytics/dashboard/analytics-engine.test.ts(409,8): error TS18047: 'adminDal' is possibly 'null'.
tests/lib/analytics/dashboard/analytics-engine.test.ts(412,8): error TS18047: 'adminDal' is possibly 'null'.
tests/lib/analytics/dashboard/analytics-engine.test.ts(413,8): error TS18047: 'adminDal' is possibly 'null'.
tests/lib/analytics/dashboard/analytics-engine.test.ts(414,8): error TS18047: 'adminDal' is possibly 'null'.
tests/lib/analytics/dashboard/analytics-engine.test.ts(415,8): error TS18047: 'adminDal' is possibly 'null'.
tests/lib/analytics/dashboard/analytics-engine.test.ts(416,8): error TS18047: 'adminDal' is possibly 'null'.
tests/lib/analytics/dashboard/analytics-engine.test.ts(417,8): error TS18047: 'adminDal' is possibly 'null'.
tests/lib/analytics/dashboard/analytics-engine.test.ts(418,8): error TS18047: 'adminDal' is possibly 'null'.
tests/lib/coaching/team-coaching-engine.test.ts(317,27): error TS2339: Property 'generatePerformanceMetrics' does not exist on type 'Mocked<CoachingAnalyticsEngine>'.
tests/lib/coaching/team-coaching-engine.test.ts(586,34): error TS2339: Property 'generatePerformanceMetrics' does not exist on type 'Mocked<CoachingAnalyticsEngine>'.
tests/lib/coaching/team-coaching-engine.test.ts(611,34): error TS2339: Property 'generatePerformanceMetrics' does not exist on type 'Mocked<CoachingAnalyticsEngine>'.
tests/lib/coaching/team-coaching-engine.test.ts(636,27): error TS2339: Property 'generatePerformanceMetrics' does not exist on type 'Mocked<CoachingAnalyticsEngine>'.
tests/lib/coaching/team-coaching-engine.test.ts(646,34): error TS2339: Property 'generatePerformanceMetrics' does not exist on type 'Mocked<CoachingAnalyticsEngine>'.
tests/lib/coaching/team-coaching-engine.test.ts(658,27): error TS2339: Property 'generatePerformanceMetrics' does not exist on type 'Mocked<CoachingAnalyticsEngine>'.
tests/lib/coaching/team-coaching-engine.test.ts(681,27): error TS2339: Property 'generatePerformanceMetrics' does not exist on type 'Mocked<CoachingAnalyticsEngine>'.
tests/lib/coaching/team-coaching-engine.test.ts(704,27): error TS2339: Property 'generatePerformanceMetrics' does not exist on type 'Mocked<CoachingAnalyticsEngine>'.
tests/lib/email-writer/email-delivery-service.test.ts(369,9): error TS2322: Type 'Mock<{ get: Mock<{ docs: { data: () => Partial<EmailDeliveryRecord>; }[]; }, [], any>; }, [], any>' is not assignable to type 'Mock<{ orderBy: Mock<{ limit: Mock<{ get: Mock<{ docs: never[]; }, [], any>; }, [], any>; }, [], any>; where: Mock<{ where: Mock<{ get: Mock<{ docs: never[]; }, [], any>; }, [], any>; get: Mock<...>; }, [], any>; get: Mock<...>; }, [], any>'.
  Types of property 'mock' are incompatible.
    Type 'MockContext<{ get: Mock<{ docs: { data: () => Partial<EmailDeliveryRecord>; }[]; }, [], any>; }, [], any>' is not assignable to type 'MockContext<{ orderBy: Mock<{ limit: Mock<{ get: Mock<{ docs: never[]; }, [], any>; }, [], any>; }, [], any>; where: Mock<{ where: Mock<{ get: Mock<{ docs: never[]; }, [], any>; }, [], any>; get: Mock<...>; }, [], any>; get: Mock<...>; }, [], any>'.
      Type '{ get: Mock<{ docs: { data: () => Partial<EmailDeliveryRecord>; }[]; }, [], any>; }' is missing the following properties from type '{ orderBy: Mock<{ limit: Mock<{ get: Mock<{ docs: never[]; }, [], any>; }, [], any>; }, [], any>; where: Mock<{ where: Mock<{ get: Mock<{ docs: never[]; }, [], any>; }, [], any>; get: Mock<...>; }, [], any>; get: Mock<...>; }': orderBy, where
tests/lib/routing/routing-engine.test.ts(693,10): error TS2322: Type '{ currentWorkload: { utilizationPercentage: number; activeLeads: number; leadsAssignedToday: number; leadsAssignedThisWeek: number; totalPipelineValue: number; isAtCapacity: boolean; remainingCapacity: { leads: number; dailyLeads: number; weeklyLeads: number; }; }; ... 13 more ...; metadata?: Record<string, unknown>...' is not assignable to type 'SalesRep'.
  The types of 'specializations.companySizes' are incompatible between these types.
    Type 'string[]' is not assignable to type 'CompanySize[]'.
      Type 'string' is not assignable to type 'CompanySize'.
tests/pagination-validation.test.ts(123,7): error TS2345: Argument of type 'QueryDocumentSnapshot<DocumentData, DocumentData> | null' is not assignable to parameter of type 'QueryDocumentSnapshot<DocumentData, DocumentData> | undefined'.
  Type 'null' is not assignable to type 'QueryDocumentSnapshot<DocumentData, DocumentData> | undefined'.
tests/pagination-validation.test.ts(171,13): error TS7022: 'result' implicitly has type 'any' because it does not have a type annotation and is referenced directly or indirectly in its own initializer.
tests/payment-service.test.ts(70,50): error TS7006: Parameter 'p' implicitly has an 'any' type.
tests/payment-service.test.ts(84,34): error TS7006: Parameter 'provider' implicitly has an 'any' type.
tests/unit/email-writer/email-writer-engine.test.ts(64,49): error TS2345: Argument of type 'undefined' is not assignable to parameter of type 'never'.
tests/unit/email-writer/email-writer-engine.test.ts(124,5): error TS2353: Object literal may only specify known properties, and 'discoveredAt' does not exist in type 'CompetitorProfile'.
tests/unit/email-writer/email-writer-engine.test.ts(264,36): error TS2339: Property 'content' does not exist on type '{ text: string; usage: { promptTokens: number; completionTokens: number; totalTokens: number; }; model: string; provider: "openai"; }'.
tests/unit/email-writer/email-writer-engine.test.ts(285,36): error TS2339: Property 'content' does not exist on type '{ text: string; usage: { promptTokens: number; completionTokens: number; totalTokens: number; }; model: string; provider: "openai"; }'.
tests/unit/email-writer/email-writer-engine.test.ts(306,36): error TS2339: Property 'content' does not exist on type '{ text: string; usage: { promptTokens: number; completionTokens: number; totalTokens: number; }; model: string; provider: "openai"; }'.
tests/unit/email-writer/email-writer-engine.test.ts(327,36): error TS2339: Property 'content' does not exist on type '{ text: string; usage: { promptTokens: number; completionTokens: number; totalTokens: number; }; model: string; provider: "openai"; }'.
tests/unit/email-writer/email-writer-engine.test.ts(702,58): error TS2345: Argument of type 'undefined' is not assignable to parameter of type 'never'.
tests/unit/scraper-intelligence/distillation-engine.test.ts(101,9): error TS2322: Type 'Date' is not assignable to type 'string'.
tests/unit/scraper-intelligence/industry-templates.test.ts(59,11): error TS2322: Type 'Date' is not assignable to type 'string'.
tests/unit/scraper-intelligence/industry-templates.test.ts(128,11): error TS2322: Type 'Date' is not assignable to type 'string'.
tests/unit/scraper-intelligence/industry-templates.test.ts(255,11): error TS2322: Type 'Date' is not assignable to type 'string'.
tests/unit/scraper-intelligence/service.test.ts(167,11): error TS2322: Type 'Date' is not assignable to type 'string'.
tests/unit/scraper-intelligence/training-manager.test.ts(72,59): error TS2345: Argument of type '{ id: string; organizationId: string; url: string; rawHtml: string; cleanedContent: string; contentHash: string; createdAt: Date; lastSeen: Date; expiresAt: Date; scrapeCount: number; metadata: {}; sizeBytes: number; verified: boolean; flaggedForDeletion: boolean; }' is not assignable to parameter of type 'never'.
tests/unit/scraper-intelligence/training-manager.test.ts(75,51): error TS2345: Argument of type 'undefined' is not assignable to parameter of type 'never'.
tests/unit/scraper-intelligence/training-manager.test.ts(105,59): error TS2345: Argument of type '{ id: string; organizationId: string; url: string; rawHtml: string; cleanedContent: string; contentHash: string; createdAt: Date; lastSeen: Date; expiresAt: Date; scrapeCount: number; metadata: {}; sizeBytes: number; verified: boolean; flaggedForDeletion: boolean; }' is not assignable to parameter of type 'never'.
tests/unit/scraper-intelligence/training-manager.test.ts(112,15): error TS2339: Property 'set' does not exist on type '{ id: string; }'.
tests/unit/scraper-intelligence/training-manager.test.ts(112,49): error TS2345: Argument of type 'undefined' is not assignable to parameter of type 'never'.
tests/unit/scraper-intelligence/training-manager.test.ts(129,59): error TS2345: Argument of type '{ id: string; organizationId: string; url: string; rawHtml: string; cleanedContent: string; contentHash: string; createdAt: Date; lastSeen: Date; expiresAt: Date; scrapeCount: number; metadata: {}; sizeBytes: number; verified: boolean; flaggedForDeletion: boolean; }' is not assignable to parameter of type 'never'.
tests/unit/scraper-intelligence/training-manager.test.ts(136,15): error TS2339: Property 'set' does not exist on type '{ id: string; }'.
tests/unit/scraper-intelligence/training-manager.test.ts(136,49): error TS2345: Argument of type 'undefined' is not assignable to parameter of type 'never'.
tests/unit/scraper-intelligence/training-manager.test.ts(153,59): error TS2345: Argument of type '{ id: string; organizationId: string; url: string; rawHtml: string; cleanedContent: string; contentHash: string; createdAt: Date; lastSeen: Date; expiresAt: Date; scrapeCount: number; metadata: {}; sizeBytes: number; verified: boolean; flaggedForDeletion: boolean; }' is not assignable to parameter of type 'never'.
tests/unit/scraper-intelligence/training-manager.test.ts(160,15): error TS2339: Property 'set' does not exist on type '{ id: string; }'.
tests/unit/scraper-intelligence/training-manager.test.ts(160,49): error TS2345: Argument of type 'undefined' is not assignable to parameter of type 'never'.
tests/unit/scraper-intelligence/training-manager.test.ts(182,59): error TS2345: Argument of type 'null' is not assignable to parameter of type 'never'.
tests/unit/scraper-intelligence/training-manager.test.ts(198,59): error TS2345: Argument of type '{ organizationId: string; id: string; url: string; rawHtml: string; cleanedContent: string; contentHash: string; createdAt: Date; lastSeen: Date; expiresAt: Date; scrapeCount: number; metadata: {}; sizeBytes: number; verified: boolean; flaggedForDeletion: boolean; }' is not assignable to parameter of type 'never'.
tests/unit/scraper-intelligence/training-manager.test.ts(217,59): error TS2345: Argument of type '{ id: string; organizationId: string; url: string; rawHtml: string; cleanedContent: string; contentHash: string; createdAt: Date; lastSeen: Date; expiresAt: Date; scrapeCount: number; metadata: {}; sizeBytes: number; verified: boolean; flaggedForDeletion: boolean; }' is not assignable to parameter of type 'never'.
tests/unit/scraper-intelligence/training-manager.test.ts(329,51): error TS2345: Argument of type '{ docs: { data: () => { id: string; organizationId: string; signalId: string; pattern: string; patternType: string; confidence: number; positiveCount: number; negativeCount: number; seenCount: number; ... 4 more ...; lastSeenAt: { ...; }; }; }[]; }' is not assignable to parameter of type 'never'.
tests/unit/scraper-intelligence/training-manager.test.ts(360,51): error TS2345: Argument of type '{ docs: any[]; }' is not assignable to parameter of type 'never'.
tests/unit/scraper-intelligence/training-manager.test.ts(393,51): error TS2345: Argument of type '{ docs: any[]; }' is not assignable to parameter of type 'never'.
tests/unit/scraper-intelligence/training-manager.test.ts(474,55): error TS2345: Argument of type '(name: string) => any' is not assignable to parameter of type 'UnknownFunction'.
  Types of parameters 'name' and 'args' are incompatible.
    Type 'unknown' is not assignable to type 'string'.
tests/unit/scraper-intelligence/training-manager.test.ts(495,44): error TS2345: Argument of type '{ size: number; docs: never[]; }' is not assignable to parameter of type 'never'.
tests/unit/scraper-intelligence/training-manager.test.ts(565,59): error TS2345: Argument of type '{ id: string; organizationId: string; url: string; rawHtml: string; cleanedContent: string; contentHash: string; createdAt: Date; lastSeen: Date; expiresAt: Date; scrapeCount: number; metadata: {}; sizeBytes: number; verified: boolean; flaggedForDeletion: boolean; }' is not assignable to parameter of type 'never'.
tests/unit/scraper-intelligence/training-manager.test.ts(572,15): error TS2339: Property 'set' does not exist on type '{ id: string; }'.
tests/unit/scraper-intelligence/training-manager.test.ts(572,49): error TS2345: Argument of type 'undefined' is not assignable to parameter of type 'never'.
tests/unit/scraper-intelligence/types.test.ts(30,11): error TS2322: Type 'Date' is not assignable to type 'string'.
tests/unit/scraper-intelligence/types.test.ts(153,11): error TS2322: Type 'Date' is not assignable to type 'string'.
tests/unit/scraper-intelligence/types.test.ts(197,11): error TS2322: Type 'Date' is not assignable to type 'string'.
tests/unit/scraper-intelligence/types.test.ts(241,11): error TS2322: Type 'Date' is not assignable to type 'string'.
tests/unit/scraper-intelligence/types.test.ts(272,11): error TS2322: Type 'Date' is not assignable to type 'string'.
tests/unit/scraper-intelligence/types.test.ts(298,11): error TS2322: Type 'Date' is not assignable to type 'string'.
tests/unit/templates/deal-scoring-engine.test.ts(111,9): error TS2353: Object literal may only specify known properties, and 'contactName' does not exist in type 'Partial<Deal>'.
tests/unit/templates/deal-scoring-engine.test.ts(135,9): error TS2353: Object literal may only specify known properties, and 'contactTitle' does not exist in type 'Partial<Deal>'.
tests/unit/templates/deal-scoring-engine.test.ts(172,9): error TS2353: Object literal may only specify known properties, and 'contactName' does not exist in type 'Partial<Deal>'.
tests/unit/templates/deal-scoring-engine.test.ts(188,9): error TS2353: Object literal may only specify known properties, and 'contactName' does not exist in type 'Partial<Deal>'.
tests/unit/templates/deal-scoring-engine.test.ts(347,9): error TS2353: Object literal may only specify known properties, and 'contactTitle' does not exist in type 'Partial<Deal>'.
tests/unit/templates/deal-scoring-engine.test.ts(420,9): error TS2353: Object literal may only specify known properties, and 'contactTitle' does not exist in type 'Partial<Deal>'.
tests/unit/templates/deal-scoring-engine.test.ts(437,9): error TS2353: Object literal may only specify known properties, and 'contactTitle' does not exist in type 'Partial<Deal>'.
tests/unit/templates/deal-scoring-engine.test.ts(463,28): error TS2554: Expected 3-4 arguments, but got 1.
tests/unit/templates/deal-scoring-engine.test.ts(484,28): error TS2554: Expected 3-4 arguments, but got 1.
tests/unit/templates/deal-scoring-engine.test.ts(505,9): error TS2353: Object literal may only specify known properties, and 'contactName' does not exist in type 'Partial<Deal>'.
tests/unit/templates/revenue-forecasting-engine.test.ts(41,23): error TS18046: 'options' is of type 'unknown'.
tests/unit/templates/revenue-forecasting-engine.test.ts(45,15): error TS18046: 'options' is of type 'unknown'.
tests/unit/templates/revenue-forecasting-engine.test.ts(53,27): error TS18046: 'options' is of type 'unknown'.
tests/unit/templates/revenue-forecasting-engine.test.ts(54,23): error TS18046: 'options' is of type 'unknown'.
tests/unit/templates/revenue-forecasting-engine.test.ts(367,25): error TS2339: Property 'length' does not exist on type 'Map<ForecastPeriod, RevenueForecast>'.
tests/unit/templates/revenue-forecasting-engine.test.ts(382,36): error TS2339: Property 'find' does not exist on type 'Map<ForecastPeriod, RevenueForecast>'.
tests/unit/templates/revenue-forecasting-engine.test.ts(382,41): error TS7006: Parameter 'f' implicitly has an 'any' type.
tests/unit/templates/revenue-forecasting-engine.test.ts(383,36): error TS2339: Property 'find' does not exist on type 'Map<ForecastPeriod, RevenueForecast>'.
tests/unit/templates/revenue-forecasting-engine.test.ts(383,41): error TS7006: Parameter 'f' implicitly has an 'any' type.
tests/unit/templates/revenue-forecasting-engine.test.ts(409,25): error TS2339: Property 'organizationId' does not exist on type '{ date: Date; forecast: number; actual?: number | undefined; accuracy?: number | undefined; }'.
tests/unit/templates/revenue-forecasting-engine.test.ts(410,25): error TS2339: Property 'workspaceId' does not exist on type '{ date: Date; forecast: number; actual?: number | undefined; accuracy?: number | undefined; }'.
tests/unit/templates/revenue-forecasting-engine.test.ts(411,25): error TS2339: Property 'period' does not exist on type '{ date: Date; forecast: number; actual?: number | undefined; accuracy?: number | undefined; }'.
tests/unit/templates/revenue-forecasting-engine.test.ts(413,25): error TS2339: Property 'calculatedAt' does not exist on type '{ date: Date; forecast: number; actual?: number | undefined; accuracy?: number | undefined; }'.
